// Jest Snapshot v1, https://goo.gl/fbAQLP

exports[`TaskSection matches snapshot 1`] = `
<View>
  <View
    style={
      {
        "alignItems": "center",
        "flexDirection": "row",
        "justifyContent": "space-between",
        "marginTop": 25,
      }
    }
  >
    <Text
      style={
        {
          "color": "white",
          "fontSize": 20,
          "fontWeight": "bold",
        }
      }
    >
      Section Title
    </Text>
    <View
      accessibilityState={
        {
          "busy": undefined,
          "checked": undefined,
          "disabled": undefined,
          "expanded": undefined,
          "selected": undefined,
        }
      }
      accessibilityValue={
        {
          "max": undefined,
          "min": undefined,
          "now": undefined,
          "text": undefined,
        }
      }
      accessible={true}
      collapsable={false}
      focusable={true}
      onClick={[Function]}
      onResponderGrant={[Function]}
      onResponderMove={[Function]}
      onResponderRelease={[Function]}
      onResponderTerminate={[Function]}
      onResponderTerminationRequest={[Function]}
      onStartShouldSetResponder={[Function]}
      style={
        {
          "opacity": 1,
        }
      }
    >
      <Text />
    </View>
  </View>
  <View
    accessibilityState={
      {
        "busy": undefined,
        "checked": undefined,
        "disabled": undefined,
        "expanded": undefined,
        "selected": undefined,
      }
    }
    accessibilityValue={
      {
        "max": undefined,
        "min": undefined,
        "now": undefined,
        "text": undefined,
      }
    }
    accessible={true}
    collapsable={false}
    focusable={true}
    onClick={[Function]}
    onResponderGrant={[Function]}
    onResponderMove={[Function]}
    onResponderRelease={[Function]}
    onResponderTerminate={[Function]}
    onResponderTerminationRequest={[Function]}
    onStartShouldSetResponder={[Function]}
    style={
      {
        "backgroundColor": "white",
        "borderColor": "gray",
        "borderRadius": 8,
        "borderWidth": 3,
        "elevation": 2,
        "margin": 16,
        "opacity": 1,
        "padding": 16,
        "width": "85%",
      }
    }
  >
    <View
      style={
        {
          "alignItems": "center",
          "flexDirection": "row",
          "justifyContent": "space-between",
          "marginBottom": 8,
        }
      }
    >
      <Text
        style={
          {
            "fontSize": 16,
            "fontWeight": "bold",
          }
        }
      >
        Task 1
      </Text>
      <View
        style={
          {
            "backgroundColor": "#DCE0E8",
            "borderRadius": 10,
            "color": "gray",
            "fontSize": 14,
            "paddingHorizontal": 20,
            "paddingVertical": 2,
          }
        }
      >
        <Text
          style={
            {
              "color": "gray",
              "fontSize": 14,
            }
          }
        >
          -
        </Text>
      </View>
    </View>
    <Text
      style={
        {
          "color": "gray",
          "fontSize": 14,
        }
      }
    >
      Deadline: 
    </Text>
  </View>
  <View
    accessibilityState={
      {
        "busy": undefined,
        "checked": undefined,
        "disabled": undefined,
        "expanded": undefined,
        "selected": undefined,
      }
    }
    accessibilityValue={
      {
        "max": undefined,
        "min": undefined,
        "now": undefined,
        "text": undefined,
      }
    }
    accessible={true}
    collapsable={false}
    focusable={true}
    onClick={[Function]}
    onResponderGrant={[Function]}
    onResponderMove={[Function]}
    onResponderRelease={[Function]}
    onResponderTerminate={[Function]}
    onResponderTerminationRequest={[Function]}
    onStartShouldSetResponder={[Function]}
    style={
      {
        "backgroundColor": "white",
        "borderColor": "gray",
        "borderRadius": 8,
        "borderWidth": 3,
        "elevation": 2,
        "margin": 16,
        "opacity": 1,
        "padding": 16,
        "width": "85%",
      }
    }
  >
    <View
      style={
        {
          "alignItems": "center",
          "flexDirection": "row",
          "justifyContent": "space-between",
          "marginBottom": 8,
        }
      }
    >
      <Text
        style={
          {
            "fontSize": 16,
            "fontWeight": "bold",
          }
        }
      >
        Task 2
      </Text>
      <View
        style={
          {
            "backgroundColor": "#DCE0E8",
            "borderRadius": 10,
            "color": "gray",
            "fontSize": 14,
            "paddingHorizontal": 20,
            "paddingVertical": 2,
          }
        }
      >
        <Text
          style={
            {
              "color": "gray",
              "fontSize": 14,
            }
          }
        >
          -
        </Text>
      </View>
    </View>
    <Text
      style={
        {
          "color": "gray",
          "fontSize": 14,
        }
      }
    >
      Deadline: 
    </Text>
  </View>
</View>
`;
