// Jest Snapshot v1, https://goo.gl/fbAQLP

exports[`TaskCard matches snapshot 1`] = `
<View
  accessibilityState={
    {
      "busy": undefined,
      "checked": undefined,
      "disabled": undefined,
      "expanded": undefined,
      "selected": undefined,
    }
  }
  accessibilityValue={
    {
      "max": undefined,
      "min": undefined,
      "now": undefined,
      "text": undefined,
    }
  }
  accessible={true}
  collapsable={false}
  focusable={true}
  onClick={[Function]}
  onResponderGrant={[Function]}
  onResponderMove={[Function]}
  onResponderRelease={[Function]}
  onResponderTerminate={[Function]}
  onResponderTerminationRequest={[Function]}
  onStartShouldSetResponder={[Function]}
  style={
    {
      "backgroundColor": "white",
      "borderColor": "gray",
      "borderRadius": 8,
      "borderWidth": 3,
      "elevation": 2,
      "margin": 16,
      "opacity": 1,
      "padding": 16,
      "width": "85%",
    }
  }
>
  <View
    style={
      {
        "alignItems": "center",
        "flexDirection": "row",
        "justifyContent": "space-between",
        "marginBottom": 8,
      }
    }
  >
    <Text
      style={
        {
          "fontSize": 16,
          "fontWeight": "bold",
        }
      }
    >
      Sample Task
    </Text>
    <View
      style={
        {
          "backgroundColor": "#DCE0E8",
          "borderRadius": 10,
          "color": "gray",
          "fontSize": 14,
          "paddingHorizontal": 20,
          "paddingVertical": 2,
        }
      }
    >
      <Text
        style={
          {
            "color": "gray",
            "fontSize": 14,
          }
        }
      >
        3
      </Text>
    </View>
  </View>
  <Text
    style={
      {
        "color": "gray",
        "fontSize": 14,
      }
    }
  >
    Deadline: 
    30/09/23
  </Text>
</View>
`;
